src/components/common/PDFMultiPagePreview.tsx(69,29): error TS2345: Argument of type '{ canvasContext: CanvasRenderingContext2D; viewport: PageViewport; }' is not assignable to parameter of type 'RenderParameters'.
  Property 'canvas' is missing in type '{ canvasContext: CanvasRenderingContext2D; viewport: PageViewport; }' but required in type 'RenderParameters'.
src/components/smart/SmartCompressionPanel.tsx(84,61): error TS2345: Argument of type 'Record<string, unknown> | undefined' is not assignable to parameter of type 'Record<string, string | number> | undefined'.
  Type 'Record<string, unknown>' is not assignable to type 'Record<string, string | number>'.
    'string' index signatures are incompatible.
      Type 'unknown' is not assignable to type 'string | number'.
src/components/tools/AddFormFieldsPDF.tsx(230,13): error TS2322: Type '{ currentPage: number; totalPages: number; scale: number; onPageChange: Dispatch<SetStateAction<number>>; onScaleChange: Dispatch<SetStateAction<number>>; onSave: () => Promise<...>; onAddField: (type: "checkbox" | ... 3 more ... | "multiline") => void; hideSave: boolean; }' is not assignable to type 'IntrinsicAttributes & ToolbarProps'.
  Property 'hideSave' does not exist on type 'IntrinsicAttributes & ToolbarProps'.
src/components/tools/AddFormFieldsPDF/Canvas.tsx(77,27): error TS2345: Argument of type '{ canvasContext: CanvasRenderingContext2D; viewport: PageViewport; }' is not assignable to parameter of type 'RenderParameters'.
  Property 'canvas' is missing in type '{ canvasContext: CanvasRenderingContext2D; viewport: PageViewport; }' but required in type 'RenderParameters'.
src/components/tools/FlattenPDF.tsx(46,37): error TS2322: Type '{ pageCount: number; originalSize: number; processedSize: number; processingTime: number; compressionRatio?: number | undefined; filesCreated?: number | undefined; } | undefined' is not assignable to type 'Record<string, unknown>'.
  Type 'undefined' is not assignable to type 'Record<string, unknown>'.
src/components/tools/FlattenPDF.tsx(77,80): error TS2345: Argument of type 'unknown' is not assignable to parameter of type 'number'.
src/components/tools/FlattenPDF.tsx(78,81): error TS2345: Argument of type 'unknown' is not assignable to parameter of type 'number'.
src/components/tools/FlattenPDF.tsx(120,7): error TS2322: Type '{ children: Element | null; title: string; description: string; hasFiles: boolean; onUpload: (files: File[]) => void; isProcessing: boolean; maxFiles: number; uploadTitle: string; uploadDescription: string; accept: string; actions: Element | null; }' is not assignable to type 'IntrinsicAttributes & ToolLayoutProps'.
  Property 'accept' does not exist on type 'IntrinsicAttributes & ToolLayoutProps'.
src/components/tools/PDFToWord.tsx(53,56): error TS2339: Property 'blob' does not exist on type 'PDFProcessingResult<Blob>'.
src/components/tools/PDFToWord.tsx(55,34): error TS2339: Property 'blob' does not exist on type 'PDFProcessingResult<Blob>'.
src/components/tools/PDFToWord.tsx(56,42): error TS2339: Property 'originalSize' does not exist on type 'PDFProcessingResult<Blob>'.
src/components/tools/PDFToWord.tsx(57,43): error TS2339: Property 'processedSize' does not exist on type 'PDFProcessingResult<Blob>'.
src/components/tools/PDFToWord.tsx(176,7): error TS2322: Type '{ children: Element | null; title: string; description: string; hasFiles: boolean; onUpload: (selectedFiles: File[]) => Promise<void>; isProcessing: boolean; maxFiles: number; ... 4 more ...; actions: Element | null; }' is not assignable to type 'IntrinsicAttributes & ToolLayoutProps'.
  Property 'accept' does not exist on type 'IntrinsicAttributes & ToolLayoutProps'.
src/components/tools/ProtectPDF.tsx(270,75): error TS2322: Type 'unknown' is not assignable to type 'ReactNode'.
src/hooks/usePDFThumbnails.tsx(90,27): error TS2345: Argument of type '{ canvasContext: CanvasRenderingContext2D; viewport: PageViewport; }' is not assignable to parameter of type 'RenderParameters'.
  Property 'canvas' is missing in type '{ canvasContext: CanvasRenderingContext2D; viewport: PageViewport; }' but required in type 'RenderParameters'.
src/services/smartMergeService.ts(106,14): error TS1117: An object literal cannot have multiple properties with the same name.
src/services/smartMergeService.ts(106,27): error TS1117: An object literal cannot have multiple properties with the same name.
src/services/smartMergeService.ts(106,57): error TS1117: An object literal cannot have multiple properties with the same name.
src/utils/ocrWorkerManager.ts(80,25): error TS2339: Property 'loadLanguage' does not exist on type 'Worker'.
src/utils/ocrWorkerManager.ts(81,25): error TS2551: Property 'initialize' does not exist on type 'Worker'. Did you mean 'reinitialize'?
src/utils/ocrWorkerManager.ts(110,29): error TS2339: Property 'loadLanguage' does not exist on type 'Worker'.
src/utils/ocrWorkerManager.ts(111,29): error TS2551: Property 'initialize' does not exist on type 'Worker'. Did you mean 'reinitialize'?
src/utils/searchablePDFGenerator.ts(91,21): error TS2345: Argument of type '{ canvasContext: CanvasRenderingContext2D; viewport: PageViewport; }' is not assignable to parameter of type 'RenderParameters'.
  Property 'canvas' is missing in type '{ canvasContext: CanvasRenderingContext2D; viewport: PageViewport; }' but required in type 'RenderParameters'.
src/utils/searchablePDFGenerator.ts(186,29): error TS2345: Argument of type 'string | null' is not assignable to parameter of type 'string'.
  Type 'null' is not assignable to type 'string'.
src/utils/searchablePDFGenerator.ts(237,20): error TS2322: Type 'Uint8Array<ArrayBufferLike>' is not assignable to type 'BlobPart'.
  Type 'Uint8Array<ArrayBufferLike>' is not assignable to type 'ArrayBufferView<ArrayBuffer>'.
    Types of property 'buffer' are incompatible.
      Type 'ArrayBufferLike' is not assignable to type 'ArrayBuffer'.
        Type 'SharedArrayBuffer' is not assignable to type 'ArrayBuffer'.
          Types of property '[Symbol.toStringTag]' are incompatible.
            Type '"SharedArrayBuffer"' is not assignable to type '"ArrayBuffer"'.
src/utils/searchablePDFGenerator.ts(277,27): error TS2345: Argument of type 'string | null' is not assignable to parameter of type 'string'.
  Type 'null' is not assignable to type 'string'.
src/utils/searchablePDFGenerator.ts(311,20): error TS2322: Type 'Uint8Array<ArrayBufferLike>' is not assignable to type 'BlobPart'.
  Type 'Uint8Array<ArrayBufferLike>' is not assignable to type 'ArrayBufferView<ArrayBuffer>'.
    Types of property 'buffer' are incompatible.
      Type 'ArrayBufferLike' is not assignable to type 'ArrayBuffer'.
        Type 'SharedArrayBuffer' is not assignable to type 'ArrayBuffer'.
          Types of property '[Symbol.toStringTag]' are incompatible.
            Type '"SharedArrayBuffer"' is not assignable to type '"ArrayBuffer"'.
